C51 COMPILER V9.60.7.0   LCD1602                                                           04/24/2025 00:46:04 PAGE 1   


C51 COMPILER V9.60.7.0, COMPILATION OF MODULE LCD1602
OBJECT MODULE PLACED IN .\Objects\lcd1602.obj
COMPILER INVOKED BY: D:\3software\keil\C51\BIN\C51.EXE ..\8-定时器\lcd1602.c OPTIMIZE(8,SPEED) BROWSE INCDIR(D:\3softwar
                    -e\keil\C51\INC\Atmel) DEBUG OBJECTEXTEND PRINT(.\Listings\lcd1602.lst) OBJECT(.\Objects\lcd1602.obj)

line level    source

   1          #include "lcd1602.h"
   2          
   3          /*******************************************************************************
   4          * 函 数 名       : delay_10us
   5          * 函数功能               : 延时函数，ten_us=1时，大约延时10us
   6          * 输    入       : ten_us
   7          * 输    出       : 无
   8          *******************************************************************************/
   9          void delay_10us(u16 ten_us)
  10          {
  11   1              while(ten_us--);        
  12   1      }
  13          
  14          /*******************************************************************************
  15          * 函 数 名       : delay_ms
  16          * 函数功能               : ms延时函数，ms=1时，大约延时1ms
  17          * 输    入       : ms：ms延时时间
  18          * 输    出       : 无
  19          *******************************************************************************/
  20          void delay_ms(u16 ms)
  21          {
  22   1              u16 i,j;
  23   1              for(i=ms;i>0;i--)
  24   1                      for(j=110;j>0;j--);
  25   1      }
  26          /*******************************************************************************
  27          * 函 数 名       : lcd1602_write_cmd
  28          * 函数功能               : LCD1602写命令
  29          * 输    入       : cmd：指令
  30          * 输    出       : 无
  31          *******************************************************************************/
  32          #if (LCD1602_4OR8_DATA_INTERFACE==0)//8位LCD
  33          void lcd1602_write_cmd(u8 cmd)
  34          {
  35   1              LCD1602_RS=0;//选择命令
  36   1              LCD1602_RW=0;//选择写
  37   1              LCD1602_E=0;
  38   1              LCD1602_DATAPORT=cmd;//准备命令
  39   1              delay_ms(1);
  40   1              LCD1602_E=1;//使能脚E先上升沿写入
  41   1              delay_ms(1);
  42   1              LCD1602_E=0;//使能脚E后负跳变完成写入   
  43   1      }
  44          #else   //4位LCD
              void lcd1602_write_cmd(u8 cmd)
              {
                      LCD1602_RS=0;//选择命令
                      LCD1602_RW=0;//选择写
                      LCD1602_E=0;
                      LCD1602_DATAPORT=cmd;//准备命令
                      delay_ms(1);
                      LCD1602_E=1;//使能脚E先上升沿写入
                      delay_ms(1);
                      LCD1602_E=0;//使能脚E后负跳变完成写入
C51 COMPILER V9.60.7.0   LCD1602                                                           04/24/2025 00:46:04 PAGE 2   

                      
                      LCD1602_DATAPORT=cmd<<4;//准备命令
                      delay_ms(1);
                      LCD1602_E=1;//使能脚E先上升沿写入
                      delay_ms(1);
                      LCD1602_E=0;//使能脚E后负跳变完成写入   
              }
              #endif
  63          
  64          /*******************************************************************************
  65          * 函 数 名       : lcd1602_write_data
  66          * 函数功能               : LCD1602写数据
  67          * 输    入       : dat：数据
  68          * 输    出       : 无
  69          *******************************************************************************/
  70          #if (LCD1602_4OR8_DATA_INTERFACE==0)//8位LCD
  71          void lcd1602_write_data(u8 dat) 
  72          {
  73   1              LCD1602_RS=1;//选择数据
  74   1              LCD1602_RW=0;//选择写
  75   1              LCD1602_E=0;
  76   1              LCD1602_DATAPORT=dat;//准备数据
  77   1              delay_ms(1);
  78   1              LCD1602_E=1;//使能脚E先上升沿写入
  79   1              delay_ms(1);
  80   1              LCD1602_E=0;//使能脚E后负跳变完成写入           
  81   1      }
  82          #else
              void lcd1602_write_data(u8 dat) 
              {
                      LCD1602_RS=1;//选择数据
                      LCD1602_RW=0;//选择写
                      LCD1602_E=0;
                      LCD1602_DATAPORT=dat;//准备数据
                      delay_ms(1);
                      LCD1602_E=1;//使能脚E先上升沿写入
                      delay_ms(1);
                      LCD1602_E=0;//使能脚E后负跳变完成写入
                      
                      LCD1602_DATAPORT=dat<<4;//准备数据
                      delay_ms(1);
                      LCD1602_E=1;//使能脚E先上升沿写入
                      delay_ms(1);
                      LCD1602_E=0;//使能脚E后负跳变完成写入           
              }
              #endif
 101          
 102          /*******************************************************************************
 103          * 函 数 名       : lcd1602_init
 104          * 函数功能               : LCD1602初始化
 105          * 输    入       : 无
 106          * 输    出       : 无
 107          *******************************************************************************/
 108          #if (LCD1602_4OR8_DATA_INTERFACE==0)//8位LCD
 109          void lcd1602_init(void)
 110          {
 111   1              lcd1602_write_cmd(0x38);//数据总线8位，显示2行，5*7点阵/字符
 112   1              lcd1602_write_cmd(0x0c);//显示功能开，无光标，光标闪烁
 113   1              lcd1602_write_cmd(0x06);//写入新数据后光标右移，显示屏不移动
 114   1              lcd1602_write_cmd(0x01);//清屏  
 115   1      }
 116          #else
C51 COMPILER V9.60.7.0   LCD1602                                                           04/24/2025 00:46:04 PAGE 3   

              void lcd1602_init(void)
              {
                      lcd1602_write_cmd(0x28);//数据总线4位，显示2行，5*7点阵/字符
                      lcd1602_write_cmd(0x0c);//显示功能开，无光标，光标闪烁
                      lcd1602_write_cmd(0x06);//写入新数据后光标右移，显示屏不移动
                      lcd1602_write_cmd(0x01);//清屏  
              }
              #endif
 125          
 126          /*******************************************************************************
 127          * 函 数 名       : lcd1602_clear
 128          * 函数功能               : LCD1602清屏
 129          * 输    入       : 无
 130          * 输    出       : 无
 131          *******************************************************************************/
 132          void lcd1602_clear(void)
 133          {
 134   1              lcd1602_write_cmd(0x01);        
 135   1      }
 136          
 137          /*******************************************************************************
 138          * 函 数 名       : lcd1602_show_string
 139          * 函数功能               : LCD1602显示字符
 140          * 输    入       : x,y：显示坐标，x=0~15，y=0~1;
 141                                             str：显示字符串
 142          * 输    出       : 无
 143          *******************************************************************************/
 144          void lcd1602_show_string(u8 x,u8 y,u8 *str)
 145          {
 146   1              u8 i=0;
 147   1      
 148   1              if(y>1 | x>15)return;//行列参数不对则强制退出
 149   1      
 150   1              if(y<1) //第1行显示
 151   1              {       
 152   2                      while(*str!='\0')//字符串是以'\0'结尾，只要前面有内容就显示
 153   2                      {
 154   3                              if(i<16-x)//如果字符长度超过第一行显示范围，则在第二行继续显示
 155   3                              {
 156   4                                      lcd1602_write_cmd(0x80+i+x);//第一行显示地址设置        
 157   4                              }
 158   3                              else
 159   3                              {
 160   4                                      lcd1602_write_cmd(0x40+0x80+i+x-16);//第二行显示地址设置        
 161   4                              }
 162   3                              lcd1602_write_data(*str);//显示内容
 163   3                              str++;//指针递增
 164   3                              i++;    
 165   3                      }       
 166   2              }
 167   1              else    //第2行显示
 168   1              {
 169   2                      while(*str!='\0')
 170   2                      {
 171   3                              if(i<16-x) //如果字符长度超过第二行显示范围，则在第一行继续显示
 172   3                              {
 173   4                                      lcd1602_write_cmd(0x80+0x40+i+x);       
 174   4                              }
 175   3                              else
 176   3                              {
 177   4                                      lcd1602_write_cmd(0x80+i+x-16); 
 178   4                              }
C51 COMPILER V9.60.7.0   LCD1602                                                           04/24/2025 00:46:04 PAGE 4   

 179   3                              lcd1602_write_data(*str);
 180   3                              str++;
 181   3                              i++;    
 182   3                      }       
 183   2              }                               
 184   1      }


MODULE INFORMATION:   STATIC OVERLAYABLE
   CODE SIZE        =    244    ----
   CONSTANT SIZE    =   ----    ----
   XDATA SIZE       =   ----    ----
   PDATA SIZE       =   ----    ----
   DATA SIZE        =   ----       2
   IDATA SIZE       =   ----    ----
   BIT SIZE         =   ----    ----
END OF MODULE INFORMATION.


C51 COMPILATION COMPLETE.  0 WARNING(S),  0 ERROR(S)
